// Jest Snapshot v1, https://goo.gl/fbAQLP

exports[`Load <Button /> SnapShot test 1`] = `ReactWrapper {}`;
