// Jest Snapshot v1, https://goo.gl/fbAQLP

exports[`Load <Input /> SnapShot test 1`] = `ReactWrapper {}`;
