// Jest Snapshot v1, https://goo.gl/fbAQLP

exports[`renders Text without crashing  Snapshot test 1`] = `ShallowWrapper {}`;
