// Jest Snapshot v1, https://goo.gl/fbAQLP

exports[`Load FooterCopyRight with out crash Snapshot test 1`] = `ReactWrapper {}`;
