// Jest Snapshot v1, https://goo.gl/fbAQLP

exports[`renders FooterSocial without crashing  Snapshot test 1`] = `ReactWrapper {}`;
