// Jest Snapshot v1, https://goo.gl/fbAQLP

exports[`renders Footer without crashing  Snapshot test for Footer Component 1`] = `ReactWrapper {}`;
